# agent-loop session log — written by scripts/agent_loop.py
# session: 017
# date: 2026-09-02 02:43
# train: wi-572-the-approval-act-is-the-adjudi
# base: 4d0b972d9019
# phase: BUILD
# wi: WI-572
# model: opencode-go/kimi-k3
# guardrails:
# outcome: ERROR
# commits:
# tokens:
# cost-usd:
# wall-secs: 1
# api-secs:
# turns:
# ttft-secs:
# cache-read:
# cache-create:
# effort:
# fast:
# prompt-chars: 16126
# prompt-template: kit:BUILD
# prompt-sha: sha256:42561a45c06d
# timeout:
# heterogeneity:
# exit-code: 1
# session-id:
# context-used:
# context-window:
# context-pct:
# ---
[91m[1mError: [0m{
  "name": "UnknownError",
  "data": {
    "message": "Unexpected server error. Check server logs for details.",
    "ref": "err_3fd3a581"
  }
}
