# agent-loop session log — written by scripts/agent_loop.py
# session: 011
# date: 2026-09-01 01:16
# train: wi-543-sr163-verification-tc
# base: b3b4efa0ed32
# phase: REVIEW-A
# wi: WI-543
# model: opencode-go/grok-4.6
# guardrails:
# outcome: ERROR
# commits:
# tokens:
# cost-usd:
# wall-secs: 2
# api-secs:
# turns:
# ttft-secs:
# cache-read:
# cache-create:
# effort:
# fast:
# prompt-chars: 3671
# prompt-template: kit:REVIEW-A
# prompt-sha: sha256:c072d2f1fe19
# timeout:
# heterogeneity:
# exit-code: 1
# session-id:
# context-used:
# context-window:
# context-pct:
# ---
[91m[1mError: [0m{
  "name": "UnknownError",
  "data": {
    "message": "Unexpected server error. Check server logs for details.",
    "ref": "err_803063f8"
  }
}
