# agent-loop session log — written by scripts/agent_loop.py
# session: 011
# date: 2026-09-05 00:26
# train: wi-580-the-worker-and-reviewer-briefs
# base: 1af07567a421
# phase: REVIEW-A
# wi: WI-580
# model: opencode-go/grok-4.6
# guardrails:
# outcome: ERROR
# commits:
# tokens:
# cost-usd:
# wall-secs: 1
# api-secs:
# turns:
# ttft-secs:
# cache-read:
# cache-create:
# effort:
# fast:
# prompt-chars: 4558
# prompt-template: kit:REVIEW-A
# prompt-sha: sha256:affbf009d35a
# timeout:
# heterogeneity:
# exit-code: 1
# session-id:
# context-used:
# context-window:
# context-pct:
# ---
[91m[1mError: [0m{
  "name": "UnknownError",
  "data": {
    "message": "Unexpected server error. Check server logs for details.",
    "ref": "err_0cfb3775"
  }
}
