# agent-loop session log — written by scripts/agent_loop.py
# session: 006
# date: 2026-09-02 22:14
# train: wi-579-the-verdict-carrier-and-the-ad
# base: 0ecc62bbc55a
# phase: REVIEW-A
# wi: WI-579
# model: opencode-go/grok-4.6
# guardrails:
# outcome: ERROR
# commits:
# tokens:
# cost-usd:
# wall-secs: 2
# api-secs:
# turns:
# ttft-secs:
# cache-read:
# cache-create:
# effort:
# fast:
# prompt-chars: 4558
# prompt-template: kit:REVIEW-A
# prompt-sha: sha256:6446e7d8ec94
# timeout:
# heterogeneity:
# exit-code: 1
# session-id:
# context-used:
# context-window:
# context-pct:
# ---
[91m[1mError: [0m{
  "name": "UnknownError",
  "data": {
    "message": "Unexpected server error. Check server logs for details.",
    "ref": "err_9fada02e"
  }
}
